./start: line 42: ./ionstart: No such file or directory
