[i] admin pgm using SDR parm overrides from node.ionconfig.
wmKey:           65281
wmSize:          50000000
wmAddress:       0
sdrName:        'ion'
sdrWmSize:       0
configFlags:     1
heapWords:       7812500
heapKey:         -1
logSize:         0
logKey:          -1
pathName:       '/tmp'
Stopping ionadmin.
Now checking ion
: Stopping ionadmin.
ION system is started
Stopping ionadmin.
Now checking bp
Stopping ionsecadmin.
: Stopping ipnadmin.
Stopping bpadmin.
BP agent is started
Stopping bpadmin.

ION system started script completed.
yzyzyzyzyzyzyzyzyzyzyzyzyzyzyzyzyzyzyzyzyzyz